Copyright 1986-2022 Xilinx, Inc. All Rights Reserved. Copyright 2022-2024 Advanced Micro Devices, Inc. All Rights Reserved.
---------------------------------------------------------------------------------------------------------------------------------------------
| Tool Version : Vivado v.2024.1 (win64) Build 5076996 Wed May 22 18:37:14 MDT 2024
| Date         : Mon Aug 24 15:20:06 2026
| Host         : WINSKYK-PR7FMTG running 64-bit major release  (build 9200)
| Command      : report_control_sets -verbose -file GPS_Top_control_sets_placed.rpt
| Design       : GPS_Top
| Device       : xc7s15
---------------------------------------------------------------------------------------------------------------------------------------------

Control Set Information

Table of Contents
-----------------
1. Summary
2. Histogram
3. Flip-Flop Distribution
4. Detailed Control Set Information

1. Summary
----------

+----------------------------------------------------------+-------+
|                          Status                          | Count |
+----------------------------------------------------------+-------+
| Total control sets                                       |    61 |
|    Minimum number of control sets                        |    61 |
|    Addition due to synthesis replication                 |     0 |
|    Addition due to physical synthesis replication        |     0 |
| Unused register locations in slices containing registers |   156 |
+----------------------------------------------------------+-------+
* Control sets can be merged at opt_design using control_set_merge or merge_equivalent_drivers
** Run report_qor_suggestions for automated merging and remapping suggestions


2. Histogram
------------

+--------------------+-------+
|       Fanout       | Count |
+--------------------+-------+
| Total control sets |    61 |
| >= 0 to < 4        |     0 |
| >= 4 to < 6        |     1 |
| >= 6 to < 8        |     4 |
| >= 8 to < 10       |     7 |
| >= 10 to < 12      |     3 |
| >= 12 to < 14      |    27 |
| >= 14 to < 16      |     0 |
| >= 16              |    19 |
+--------------------+-------+
* Control sets can be remapped at either synth_design or opt_design


3. Flip-Flop Distribution
-------------------------

+--------------+-----------------------+------------------------+-----------------+--------------+
| Clock Enable | Synchronous Set/Reset | Asynchronous Set/Reset | Total Registers | Total Slices |
+--------------+-----------------------+------------------------+-----------------+--------------+
| No           | No                    | No                     |            1022 |          253 |
| No           | No                    | Yes                    |              41 |           13 |
| No           | Yes                   | No                     |              73 |           20 |
| Yes          | No                    | No                     |            1840 |          409 |
| Yes          | No                    | Yes                    |               0 |            0 |
| Yes          | Yes                   | No                     |             132 |           33 |
+--------------+-----------------------+------------------------+-----------------+--------------+


4. Detailed Control Set Information
-----------------------------------

+--------------------------------------------+---------------------------------------------------------------------------------------------------------------------------------------------------------+--------------------------------------------------------------------------------------------------------------------------------------------------------------------------------------+------------------+----------------+--------------+
|                Clock Signal                |                                                                      Enable Signal                                                                      |                                                                                   Set/Reset Signal                                                                                   | Slice Load Count | Bel Load Count | Bels / Slice |
+--------------------------------------------+---------------------------------------------------------------------------------------------------------------------------------------------------------+--------------------------------------------------------------------------------------------------------------------------------------------------------------------------------------+------------------+----------------+--------------+
|  clk_IBUF_BUFG                             | DATA_HANDLER/packet_data_index[9]_i_1_n_0                                                                                                               | DATA_HANDLER/packet_data_index[8]_i_1_n_0                                                                                                                                            |                2 |              4 |         2.00 |
|  clk_IBUF_BUFG                             | DATA_HANDLER/packet_data_index[9]_i_1_n_0                                                                                                               |                                                                                                                                                                                      |                3 |              6 |         2.00 |
|  ADC_Tick_BUFG                             | DATA_HANDLER/counter                                                                                                                                    |                                                                                                                                                                                      |                3 |              7 |         2.33 |
|  ADC_Tick_BUFG                             |                                                                                                                                                         | DATA_PROCESSOR/FIR_FILTER/U0/i_synth/g_polyphase_decimation.i_polyphase_decimation/g_parallel.g_paths[0].g_mem_array[0].i_mem/g_individual.i_mem_a/gen_dram.gen_rom.d_out[9]_i_1_n_0 |                1 |              7 |         7.00 |
| ~SPI_Tick_BUFG                             | LORA_DRIVER/LORA_TX/packet_reg_transfer_byte_index[6]_i_1__0_n_0                                                                                        | LORA_DRIVER/LORA_TX/current_data                                                                                                                                                     |                2 |              7 |         3.50 |
|  ADC_Tick_BUFG                             | DATA_PROCESSOR/FIR_FILTER/U0/i_synth/g_polyphase_decimation.i_polyphase_decimation/p_0_in                                                               |                                                                                                                                                                                      |                2 |              8 |         4.00 |
|  SPI_Tick_BUFG                             | DATA_HANDLER/packet_reg_transfer                                                                                                                        | DATA_HANDLER/packet_reg_transfer_byte                                                                                                                                                |                2 |              8 |         4.00 |
|  clk_IBUF_BUFG                             | DATA_HANDLER/packet_reg[511]_i_2_n_0                                                                                                                    | DATA_HANDLER/packet_reg[511]_i_1__0_n_0                                                                                                                                              |                1 |              8 |         8.00 |
|  SPI_Tick_BUFG                             | DATA_HANDLER/packet_reg_transfer_byte                                                                                                                   |                                                                                                                                                                                      |                5 |              8 |         1.60 |
| ~SPI_Tick_BUFG                             | LORA_DRIVER/LORA_TX/packet_reg[511]_i_1_n_0                                                                                                             | LORA_DRIVER/LORA_TX/packet_reg[7]_i_1_n_0                                                                                                                                            |                3 |              8 |         2.67 |
| ~ADC_Tick_BUFG                             | DATA_PROCESSOR/FIR_FILTER/U0/i_synth/g_polyphase_decimation.i_polyphase_decimation/g_s_data_chan_fifo.i_s_data_chan_fifo/s_axis_data_tready             |                                                                                                                                                                                      |                4 |              9 |         2.25 |
| ~SPI_Tick_BUFG                             | LORA_DRIVER/LORA_TX/current_data                                                                                                                        |                                                                                                                                                                                      |                2 |              9 |         4.50 |
| ~ADC_Tick_BUFG                             |                                                                                                                                                         |                                                                                                                                                                                      |                2 |             10 |         5.00 |
|  SPI_Tick_BUFG                             | DATA_HANDLER/packet_reg_transfer                                                                                                                        | LORA_DRIVER/LORA_TX/tx_initialised                                                                                                                                                   |                3 |             10 |         3.33 |
| ~SPI_Tick_BUFG                             |                                                                                                                                                         | MAX_DRIVER/max_register_index[3]                                                                                                                                                     |                2 |             11 |         5.50 |
|  ADC_Tick_BUFG                             | DATA_PROCESSOR/FIR_FILTER/U0/i_synth/g_polyphase_decimation.i_polyphase_decimation/g_parallel.g_paths[1].g_cntrl_pipe.path_cntrl_reg_n_0_[4][5]         |                                                                                                                                                                                      |                1 |             12 |        12.00 |
|  ADC_Tick_BUFG                             | DATA_PROCESSOR/FIR_FILTER/U0/i_synth/g_polyphase_decimation.i_polyphase_decimation/g_parallel.g_paths[1].g_cntrl_pipe.path_cntrl_reg_n_0_[4][6]         |                                                                                                                                                                                      |                1 |             12 |        12.00 |
|  ADC_Tick_BUFG                             | DATA_PROCESSOR/FIR_FILTER/U0/i_synth/g_polyphase_decimation.i_polyphase_decimation/g_parallel.g_paths[1].g_cntrl_pipe.path_cntrl_reg_n_0_[5][5]         |                                                                                                                                                                                      |                1 |             12 |        12.00 |
|  ADC_Tick_BUFG                             | DATA_PROCESSOR/FIR_FILTER/U0/i_synth/g_polyphase_decimation.i_polyphase_decimation/g_parallel.g_paths[0].g_cntrl_pipe.path_cntrl_reg_n_0_[3][6]         |                                                                                                                                                                                      |                1 |             12 |        12.00 |
|  ADC_Tick_BUFG                             | DATA_PROCESSOR/FIR_FILTER/U0/i_synth/g_polyphase_decimation.i_polyphase_decimation/g_parallel.g_paths[0].g_cntrl_pipe.path_cntrl_reg_n_0_[5][5]         |                                                                                                                                                                                      |                1 |             12 |        12.00 |
|  ADC_Tick_BUFG                             | DATA_PROCESSOR/FIR_FILTER/U0/i_synth/g_polyphase_decimation.i_polyphase_decimation/g_parallel.g_paths[0].g_cntrl_pipe.path_cntrl_reg_n_0_[0][6]         |                                                                                                                                                                                      |                1 |             12 |        12.00 |
|  ADC_Tick_BUFG                             | DATA_PROCESSOR/FIR_FILTER/U0/i_synth/g_polyphase_decimation.i_polyphase_decimation/g_parallel.g_paths[0].g_cntrl_pipe.path_cntrl_reg_n_0_[3][5]         |                                                                                                                                                                                      |                1 |             12 |        12.00 |
|  ADC_Tick_BUFG                             | DATA_PROCESSOR/FIR_FILTER/U0/i_synth/g_polyphase_decimation.i_polyphase_decimation/g_parallel.g_paths[0].g_cntrl_pipe.path_cntrl_reg_n_0_[4][5]         |                                                                                                                                                                                      |                1 |             12 |        12.00 |
|  ADC_Tick_BUFG                             | DATA_PROCESSOR/FIR_FILTER/U0/i_synth/g_polyphase_decimation.i_polyphase_decimation/g_parallel.g_paths[0].g_cntrl_pipe.path_cntrl_reg_n_0_[4][6]         |                                                                                                                                                                                      |                1 |             12 |        12.00 |
|  ADC_Tick_BUFG                             | DATA_PROCESSOR/FIR_FILTER/U0/i_synth/g_polyphase_decimation.i_polyphase_decimation/g_parallel.g_paths[0].g_cntrl_pipe.path_cntrl_reg_n_0_[2][5]         |                                                                                                                                                                                      |                1 |             12 |        12.00 |
|  ADC_Tick_BUFG                             | DATA_PROCESSOR/FIR_FILTER/U0/i_synth/g_polyphase_decimation.i_polyphase_decimation/g_parallel.g_paths[0].g_cntrl_pipe.path_cntrl_reg_n_0_[2][6]         |                                                                                                                                                                                      |                1 |             12 |        12.00 |
|  ADC_Tick_BUFG                             | DATA_PROCESSOR/FIR_FILTER/U0/i_synth/g_polyphase_decimation.i_polyphase_decimation/g_parallel.g_paths[0].g_cntrl_pipe.path_cntrl_reg_n_0_[1][5]         |                                                                                                                                                                                      |                1 |             12 |        12.00 |
|  ADC_Tick_BUFG                             | DATA_PROCESSOR/FIR_FILTER/U0/i_synth/g_polyphase_decimation.i_polyphase_decimation/g_parallel.g_paths[0].g_cntrl_pipe.path_cntrl_reg_n_0_[5][6]         |                                                                                                                                                                                      |                1 |             12 |        12.00 |
|  ADC_Tick_BUFG                             | DATA_PROCESSOR/FIR_FILTER/U0/i_synth/g_polyphase_decimation.i_polyphase_decimation/g_parallel.g_paths[0].g_cntrl_pipe.path_cntrl_reg_n_0_[1][6]         |                                                                                                                                                                                      |                1 |             12 |        12.00 |
|  ADC_Tick_BUFG                             | DATA_PROCESSOR/FIR_FILTER/U0/i_synth/g_polyphase_decimation.i_polyphase_decimation/g_parallel.i_cntrl_wrap_re/g_parallel.cntrl_wrap_re                  |                                                                                                                                                                                      |                4 |             12 |         3.00 |
|  ADC_Tick_BUFG                             | DATA_PROCESSOR/FIR_FILTER/U0/i_synth/g_polyphase_decimation.i_polyphase_decimation/g_parallel.g_paths[1].g_cntrl_pipe.path_cntrl_reg_n_0_[5][6]         |                                                                                                                                                                                      |                1 |             12 |        12.00 |
|  ADC_Tick_BUFG                             | DATA_PROCESSOR/FIR_FILTER/U0/i_synth/g_polyphase_decimation.i_polyphase_decimation/g_s_data_chan_fifo.i_s_data_chan_fifo/wr_enable                      |                                                                                                                                                                                      |                2 |             12 |         6.00 |
|  clk_IBUF_BUFG                             | DATA_HANDLER/fifo_packet_index[11]_i_2_n_0                                                                                                              | DATA_HANDLER/fifo_packet_index[11]_i_1_n_0                                                                                                                                           |                4 |             12 |         3.00 |
|  ADC_Tick_BUFG                             | DATA_PROCESSOR/FIR_FILTER/U0/i_synth/g_polyphase_decimation.i_polyphase_decimation/g_parallel.g_paths[1].g_cntrl_pipe.path_cntrl_reg_n_0_[2][5]         |                                                                                                                                                                                      |                1 |             12 |        12.00 |
|  clk_IBUF_BUFG                             | DATA_HANDLER/packet_reg[487]_i_2_n_0                                                                                                                    | DATA_HANDLER/packet_reg[487]_i_1_n_0                                                                                                                                                 |                3 |             12 |         4.00 |
|  ADC_Tick_BUFG                             | DATA_PROCESSOR/FIR_FILTER/U0/i_synth/g_polyphase_decimation.i_polyphase_decimation/g_parallel.g_paths[1].g_cntrl_pipe.path_cntrl_reg_n_0_[0][6]         |                                                                                                                                                                                      |                1 |             12 |        12.00 |
|  ADC_Tick_BUFG                             | DATA_PROCESSOR/FIR_FILTER/U0/i_synth/g_polyphase_decimation.i_polyphase_decimation/g_parallel.g_paths[1].g_cntrl_pipe.path_cntrl_reg_n_0_[3][5]         |                                                                                                                                                                                      |                1 |             12 |        12.00 |
|  ADC_Tick_BUFG                             | DATA_PROCESSOR/FIR_FILTER/U0/i_synth/g_polyphase_decimation.i_polyphase_decimation/g_parallel.g_paths[0].g_symmetric.i_data_wrap_buff/i_mem_allign/E[0] |                                                                                                                                                                                      |                4 |             12 |         3.00 |
|  ADC_Tick_BUFG                             | DATA_PROCESSOR/FIR_FILTER/U0/i_synth/g_polyphase_decimation.i_polyphase_decimation/g_parallel.g_paths[1].g_cntrl_pipe.path_cntrl_reg_n_0_[1][5]         |                                                                                                                                                                                      |                1 |             12 |        12.00 |
|  ADC_Tick_BUFG                             | DATA_PROCESSOR/FIR_FILTER/U0/i_synth/g_polyphase_decimation.i_polyphase_decimation/g_parallel.g_paths[1].g_cntrl_pipe.path_cntrl_reg_n_0_[3][6]         |                                                                                                                                                                                      |                1 |             12 |        12.00 |
|  ADC_Tick_BUFG                             | DATA_PROCESSOR/FIR_FILTER/U0/i_synth/g_polyphase_decimation.i_polyphase_decimation/g_parallel.g_paths[1].g_cntrl_pipe.path_cntrl_reg_n_0_[1][6]         |                                                                                                                                                                                      |                1 |             12 |        12.00 |
|  ADC_Tick_BUFG                             | DATA_PROCESSOR/FIR_FILTER/U0/i_synth/g_polyphase_decimation.i_polyphase_decimation/g_parallel.g_paths[1].g_cntrl_pipe.path_cntrl_reg_n_0_[2][6]         |                                                                                                                                                                                      |                1 |             12 |        12.00 |
|  clk_IBUF_BUFG                             | DATA_HANDLER/packet_reg[511]_i_2_n_0                                                                                                                    | DATA_HANDLER/packet_reg[507]_i_1_n_0                                                                                                                                                 |                3 |             16 |         5.33 |
|  ADC_Tick_BUFG                             | DATA_HANDLER/fifo_data_count                                                                                                                            | DATA_HANDLER/fifo_data_count[18]_i_1_n_0                                                                                                                                             |                6 |             19 |         3.17 |
|  ADC_Tick_BUFG                             | DATA_PROCESSOR/FIR_FILTER/U0/i_synth/g_polyphase_decimation.i_polyphase_decimation/g_parallel.g_paths[1].g_symmetric.wrap_we_src                        |                                                                                                                                                                                      |                2 |             20 |        10.00 |
|  ADC_Tick_BUFG                             | DATA_PROCESSOR/FIR_FILTER/U0/i_synth/g_polyphase_decimation.i_polyphase_decimation/g_parallel.g_paths[0].g_symmetric.wrap_we_src                        |                                                                                                                                                                                      |                2 |             20 |        10.00 |
|  clk_IBUF_BUFG                             | DATA_HANDLER/delay_reg[0]_i_1_n_0                                                                                                                       |                                                                                                                                                                                      |                6 |             24 |         4.00 |
|  clk_IBUF_BUFG                             | GPS_CONTROL/random_number_request                                                                                                                       |                                                                                                                                                                                      |               14 |             26 |         1.86 |
|  clk_IBUF_BUFG                             | DATA_HANDLER/packet_reg[475]_i_2_n_0                                                                                                                    | DATA_HANDLER/packet_reg[475]_i_1_n_0                                                                                                                                                 |                4 |             28 |         7.00 |
|  clk_IBUF_BUFG                             | DATA_HANDLER/FIFO/U0/inst_fifo_gen/gconvfifo.rf/grf.rf/gntv_or_sync_fifo.gl0.rd/gras.rsts/ram_rd_en                                                     |                                                                                                                                                                                      |                9 |             34 |         3.78 |
|  clk_IBUF_BUFG                             | GPS_CONTROL/E[0]                                                                                                                                        |                                                                                                                                                                                      |                8 |             34 |         4.25 |
|  clk_IBUF_BUFG                             |                                                                                                                                                         | GPS_CONTROL/delay_counter[0]_i_1_n_0                                                                                                                                                 |               11 |             41 |         3.73 |
|  DATA_HANDLER/sample_tick_reg_reg_n_0_BUFG | DATA_HANDLER/FIFO/U0/inst_fifo_gen/gconvfifo.rf/grf.rf/gntv_or_sync_fifo.gl0.wr/gwas.wsts/ram_wr_en                                                     |                                                                                                                                                                                      |                9 |             51 |         5.67 |
|  clk_IBUF_BUFG                             |                                                                                                                                                         | GPS_CONTROL/reset                                                                                                                                                                    |               19 |             55 |         2.89 |
|  DATA_HANDLER/sample_tick_reg_reg_n_0_BUFG |                                                                                                                                                         |                                                                                                                                                                                      |               16 |             70 |         4.38 |
| ~SPI_Tick_BUFG                             |                                                                                                                                                         |                                                                                                                                                                                      |               40 |            118 |         2.95 |
|  clk_IBUF_BUFG                             |                                                                                                                                                         |                                                                                                                                                                                      |               48 |            143 |         2.98 |
|  clk_IBUF_BUFG                             | DATA_HANDLER/packet_reg[447]_i_1_n_0                                                                                                                    |                                                                                                                                                                                      |               75 |            448 |         5.97 |
|  SPI_Tick_BUFG                             | DATA_HANDLER/packet_reg_transfer                                                                                                                        |                                                                                                                                                                                      |              159 |            504 |         3.17 |
| ~SPI_Tick_BUFG                             | LORA_DRIVER/LORA_TX/packet_reg[511]_i_1_n_0                                                                                                             |                                                                                                                                                                                      |               78 |            504 |         6.46 |
|  ADC_Tick_BUFG                             |                                                                                                                                                         |                                                                                                                                                                                      |              147 |            758 |         5.16 |
+--------------------------------------------+---------------------------------------------------------------------------------------------------------------------------------------------------------+--------------------------------------------------------------------------------------------------------------------------------------------------------------------------------------+------------------+----------------+--------------+


