
*** Running vivado
    with args -log GPS_Top.vds -m64 -product Vivado -mode batch -messageDb vivado.pb -notrace -source GPS_Top.tcl



****** Vivado v2024.1 (64-bit)
  **** SW Build 5076996 on Wed May 22 18:37:14 MDT 2024
  **** IP Build 5075265 on Wed May 22 21:45:21 MDT 2024
  **** SharedData Build 5076995 on Wed May 22 18:29:18 MDT 2024
  **** Start of session at: Mon Aug 24 15:17:50 2026
    ** Copyright 1986-2022 Xilinx, Inc. All Rights Reserved.
    ** Copyright 2022-2024 Advanced Micro Devices, Inc. All Rights Reserved.

source GPS_Top.tcl -notrace
create_project: Time (s): cpu = 00:00:06 ; elapsed = 00:00:07 . Memory (MB): peak = 518.059 ; gain = 200.250
Command: read_checkpoint -auto_incremental -incremental C:/Users/DinoColling/GPS_V2.0/GPS_V2.0.srcs/utils_1/imports/synth_1/GPS_Top.dcp
INFO: [Vivado 12-5825] Read reference checkpoint from C:/Users/DinoColling/GPS_V2.0/GPS_V2.0.srcs/utils_1/imports/synth_1/GPS_Top.dcp for incremental synthesis
INFO: [Vivado 12-7989] Please ensure there are no constraint changes
Command: synth_design -top GPS_Top -part xc7s15ftgb196-1
Starting synth_design
Attempting to get a license for feature 'Synthesis' and/or device 'xc7s15'
INFO: [Common 17-349] Got license for feature 'Synthesis' and/or device 'xc7s15'
INFO: [Device 21-403] Loading part xc7s15ftgb196-1
INFO: [Device 21-9227] Part: xc7s15ftgb196-1 does not have CEAM library.
INFO: [Designutils 20-5440] No compile time benefit to using incremental synthesis; A full resynthesis will be run
INFO: [Designutils 20-4379] Flow is switching to default flow due to incremental criteria not met. If you would like to alter this behaviour and have the flow terminate instead, please set the following parameter config_implementation {autoIncr.Synth.RejectBehavior Terminate}
INFO: [Synth 8-7079] Multithreading enabled for synth_design using a maximum of 2 processes.
INFO: [Synth 8-7078] Launching helper process for spawning children vivado processes
INFO: [Synth 8-7075] Helper process launched with PID 32700
---------------------------------------------------------------------------------
Starting RTL Elaboration : Time (s): cpu = 00:00:05 ; elapsed = 00:00:06 . Memory (MB): peak = 1349.328 ; gain = 447.293
---------------------------------------------------------------------------------
INFO: [Synth 8-11241] undeclared symbol 'LoRa_Reset', assumed default net type 'wire' [C:/Users/DinoColling/GPS_V2.0/GPS_V2.0.srcs/sources_1/new/LORA_tx.v:385]
INFO: [Synth 8-6157] synthesizing module 'GPS_Top' [C:/Users/DinoColling/GPS_V2.0/GPS_V2.0.srcs/sources_1/new/GPS_Top.v:23]
INFO: [Synth 8-6157] synthesizing module 'GPS_Control' [C:/Users/DinoColling/GPS_V2.0/GPS_V2.0.srcs/sources_1/new/GPS_Control.v:23]
	Parameter period_Transmission bound to: 12'b000000000010 
	Parameter sample_time bound to: 32'b00000000000110000110101000000000 
	Parameter data_Transmission bound to: 8'b10000000 
	Parameter period_Sample bound to: 8'b00000000 
INFO: [Synth 8-6157] synthesizing module 'Pseudo_Random_Number_Generator' [C:/Users/DinoColling/GPS_V2.0/GPS_V2.0.srcs/sources_1/new/Pseudo_Random_Number_Generator.v:23]
INFO: [Synth 8-6155] done synthesizing module 'Pseudo_Random_Number_Generator' (0#1) [C:/Users/DinoColling/GPS_V2.0/GPS_V2.0.srcs/sources_1/new/Pseudo_Random_Number_Generator.v:23]
INFO: [Synth 8-6155] done synthesizing module 'GPS_Control' (0#1) [C:/Users/DinoColling/GPS_V2.0/GPS_V2.0.srcs/sources_1/new/GPS_Control.v:23]
INFO: [Synth 8-6157] synthesizing module 'SPI_Clock' [C:/Users/DinoColling/GPS_V2.0/GPS_V2.0.srcs/sources_1/new/SPI_Clock.v:23]
INFO: [Synth 8-6155] done synthesizing module 'SPI_Clock' (0#1) [C:/Users/DinoColling/GPS_V2.0/GPS_V2.0.srcs/sources_1/new/SPI_Clock.v:23]
INFO: [Synth 8-6157] synthesizing module 'MAX_Driver' [C:/Users/DinoColling/GPS_V2.0/GPS_V2.0.srcs/sources_1/new/MAX_Driver.v:23]
INFO: [Synth 8-6155] done synthesizing module 'MAX_Driver' (0#1) [C:/Users/DinoColling/GPS_V2.0/GPS_V2.0.srcs/sources_1/new/MAX_Driver.v:23]
INFO: [Synth 8-6157] synthesizing module 'LORA_Driver' [C:/Users/DinoColling/GPS_V2.0/GPS_V2.0.srcs/sources_1/new/LORA_Driver.v:23]
INFO: [Synth 8-6157] synthesizing module 'LORA_Config' [C:/Users/DinoColling/GPS_V2.0/GPS_V2.0.srcs/sources_1/new/LORA_Config.v:23]
INFO: [Synth 8-6155] done synthesizing module 'LORA_Config' (0#1) [C:/Users/DinoColling/GPS_V2.0/GPS_V2.0.srcs/sources_1/new/LORA_Config.v:23]
INFO: [Synth 8-6157] synthesizing module 'LORA_tx' [C:/Users/DinoColling/GPS_V2.0/GPS_V2.0.srcs/sources_1/new/LORA_tx.v:23]
INFO: [Synth 8-6155] done synthesizing module 'LORA_tx' (0#1) [C:/Users/DinoColling/GPS_V2.0/GPS_V2.0.srcs/sources_1/new/LORA_tx.v:23]
INFO: [Synth 8-6155] done synthesizing module 'LORA_Driver' (0#1) [C:/Users/DinoColling/GPS_V2.0/GPS_V2.0.srcs/sources_1/new/LORA_Driver.v:23]
INFO: [Synth 8-6157] synthesizing module 'DATA_Handler' [C:/Users/DinoColling/GPS_V2.0/GPS_V2.0.srcs/sources_1/new/DATA_Handler.v:26]
	Parameter data_Transmission bound to: 8'b10000000 
	Parameter period_Sample bound to: 8'b00000000 
	Parameter data_Sample bound to: 4'b0000 
INFO: [Synth 8-6157] synthesizing module 'ADC_Clock' [C:/Users/DinoColling/GPS_V2.0/GPS_V2.0.srcs/sources_1/new/ADC_Clock.v:23]
INFO: [Synth 8-6155] done synthesizing module 'ADC_Clock' (0#1) [C:/Users/DinoColling/GPS_V2.0/GPS_V2.0.srcs/sources_1/new/ADC_Clock.v:23]
INFO: [Synth 8-6157] synthesizing module 'fifo_gps_data' [C:/Users/DinoColling/GPS_V2.0/GPS_V2.0.runs/synth_1/.Xil/Vivado-35536-WINSKYK-PR7FMTG/realtime/fifo_gps_data_stub.v:6]
INFO: [Synth 8-6155] done synthesizing module 'fifo_gps_data' (0#1) [C:/Users/DinoColling/GPS_V2.0/GPS_V2.0.runs/synth_1/.Xil/Vivado-35536-WINSKYK-PR7FMTG/realtime/fifo_gps_data_stub.v:6]
INFO: [Synth 8-6155] done synthesizing module 'DATA_Handler' (0#1) [C:/Users/DinoColling/GPS_V2.0/GPS_V2.0.srcs/sources_1/new/DATA_Handler.v:26]
INFO: [Synth 8-6157] synthesizing module 'DATA_PROCESSING' [C:/Users/DinoColling/GPS_V2.0/GPS_V2.0.srcs/sources_1/new/DATA_PROCESSING.v:23]
INFO: [Synth 8-6157] synthesizing module 'DDS_Gen' [C:/Users/DinoColling/GPS_V2.0/GPS_V2.0.runs/synth_1/.Xil/Vivado-35536-WINSKYK-PR7FMTG/realtime/DDS_Gen_stub.v:6]
INFO: [Synth 8-6155] done synthesizing module 'DDS_Gen' (0#1) [C:/Users/DinoColling/GPS_V2.0/GPS_V2.0.runs/synth_1/.Xil/Vivado-35536-WINSKYK-PR7FMTG/realtime/DDS_Gen_stub.v:6]
INFO: [Synth 8-6157] synthesizing module 'FIR_Filter' [C:/Users/DinoColling/GPS_V2.0/GPS_V2.0.runs/synth_1/.Xil/Vivado-35536-WINSKYK-PR7FMTG/realtime/FIR_Filter_stub.v:6]
INFO: [Synth 8-6155] done synthesizing module 'FIR_Filter' (0#1) [C:/Users/DinoColling/GPS_V2.0/GPS_V2.0.runs/synth_1/.Xil/Vivado-35536-WINSKYK-PR7FMTG/realtime/FIR_Filter_stub.v:6]
INFO: [Synth 8-6155] done synthesizing module 'DATA_PROCESSING' (0#1) [C:/Users/DinoColling/GPS_V2.0/GPS_V2.0.srcs/sources_1/new/DATA_PROCESSING.v:23]
INFO: [Synth 8-6155] done synthesizing module 'GPS_Top' (0#1) [C:/Users/DinoColling/GPS_V2.0/GPS_V2.0.srcs/sources_1/new/GPS_Top.v:23]
WARNING: [Synth 8-7129] Port LORA_MISO in module LORA_Driver is either unconnected or has no load
WARNING: [Synth 8-7129] Port DIO0 in module GPS_Top is either unconnected or has no load
---------------------------------------------------------------------------------
Finished RTL Elaboration : Time (s): cpu = 00:00:07 ; elapsed = 00:00:08 . Memory (MB): peak = 1475.730 ; gain = 573.695
---------------------------------------------------------------------------------
---------------------------------------------------------------------------------
Start Handling Custom Attributes
---------------------------------------------------------------------------------
---------------------------------------------------------------------------------
Finished Handling Custom Attributes : Time (s): cpu = 00:00:07 ; elapsed = 00:00:08 . Memory (MB): peak = 1475.730 ; gain = 573.695
---------------------------------------------------------------------------------
---------------------------------------------------------------------------------
Finished RTL Optimization Phase 1 : Time (s): cpu = 00:00:07 ; elapsed = 00:00:08 . Memory (MB): peak = 1475.730 ; gain = 573.695
---------------------------------------------------------------------------------
Netlist sorting complete. Time (s): cpu = 00:00:00 ; elapsed = 00:00:00.041 . Memory (MB): peak = 1475.730 ; gain = 0.000
INFO: [Project 1-570] Preparing netlist for logic optimization

Processing XDC Constraints
Initializing timing engine
Parsing XDC File [c:/Users/DinoColling/GPS_V2.0/GPS_V2.0.gen/sources_1/ip/DDS_Gen/DDS_Gen/DDS_Gen_in_context.xdc] for cell 'DATA_PROCESSOR/DDS_GENERATOR'
Finished Parsing XDC File [c:/Users/DinoColling/GPS_V2.0/GPS_V2.0.gen/sources_1/ip/DDS_Gen/DDS_Gen/DDS_Gen_in_context.xdc] for cell 'DATA_PROCESSOR/DDS_GENERATOR'
Parsing XDC File [c:/Users/DinoColling/GPS_V2.0/GPS_V2.0.gen/sources_1/ip/fifo_gps_data/fifo_gps_data/fifo_gps_data_in_context.xdc] for cell 'DATA_HANDLER/FIFO'
Finished Parsing XDC File [c:/Users/DinoColling/GPS_V2.0/GPS_V2.0.gen/sources_1/ip/fifo_gps_data/fifo_gps_data/fifo_gps_data_in_context.xdc] for cell 'DATA_HANDLER/FIFO'
Parsing XDC File [c:/Users/DinoColling/GPS_V2.0/GPS_V2.0.gen/sources_1/ip/FIR_Filter/FIR_Filter/FIR_Filter_in_context.xdc] for cell 'DATA_PROCESSOR/FIR_FILTER'
Finished Parsing XDC File [c:/Users/DinoColling/GPS_V2.0/GPS_V2.0.gen/sources_1/ip/FIR_Filter/FIR_Filter/FIR_Filter_in_context.xdc] for cell 'DATA_PROCESSOR/FIR_FILTER'
Parsing XDC File [C:/Users/DinoColling/GPS_V2.0/GPS_V2.0.srcs/constrs_1/new/design.xdc]
Finished Parsing XDC File [C:/Users/DinoColling/GPS_V2.0/GPS_V2.0.srcs/constrs_1/new/design.xdc]
INFO: [Project 1-236] Implementation specific constraints were found while reading constraint file [C:/Users/DinoColling/GPS_V2.0/GPS_V2.0.srcs/constrs_1/new/design.xdc]. These constraints will be ignored for synthesis but will be used in implementation. Impacted constraints are listed in the file [.Xil/GPS_Top_propImpl.xdc].
Resolution: To avoid this warning, move constraints listed in [.Xil/GPS_Top_propImpl.xdc] to another XDC file and exclude this new file from synthesis with the used_in_synthesis property (File Properties dialog in GUI) and re-run elaboration/synthesis.
Parsing XDC File [C:/Users/DinoColling/GPS_V2.0/GPS_V2.0.runs/synth_1/dont_touch.xdc]
Finished Parsing XDC File [C:/Users/DinoColling/GPS_V2.0/GPS_V2.0.runs/synth_1/dont_touch.xdc]
Completed Processing XDC Constraints

Netlist sorting complete. Time (s): cpu = 00:00:00 ; elapsed = 00:00:00 . Memory (MB): peak = 1516.160 ; gain = 0.000
INFO: [Project 1-111] Unisim Transformation Summary:
No Unisim elements were transformed.

Constraint Validation Runtime : Time (s): cpu = 00:00:00 ; elapsed = 00:00:00.021 . Memory (MB): peak = 1516.160 ; gain = 0.000
INFO: [Designutils 20-5440] No compile time benefit to using incremental synthesis; A full resynthesis will be run
INFO: [Designutils 20-4379] Flow is switching to default flow due to incremental criteria not met. If you would like to alter this behaviour and have the flow terminate instead, please set the following parameter config_implementation {autoIncr.Synth.RejectBehavior Terminate}
---------------------------------------------------------------------------------
Finished Constraint Validation : Time (s): cpu = 00:00:14 ; elapsed = 00:00:17 . Memory (MB): peak = 1516.160 ; gain = 614.125
---------------------------------------------------------------------------------
---------------------------------------------------------------------------------
Start Loading Part and Timing Information
---------------------------------------------------------------------------------
Loading part: xc7s15ftgb196-1
---------------------------------------------------------------------------------
Finished Loading Part and Timing Information : Time (s): cpu = 00:00:14 ; elapsed = 00:00:17 . Memory (MB): peak = 1516.160 ; gain = 614.125
---------------------------------------------------------------------------------
---------------------------------------------------------------------------------
Start Applying 'set_property' XDC Constraints
---------------------------------------------------------------------------------
Applied set_property KEEP_HIERARCHY = SOFT for DATA_PROCESSOR/DDS_GENERATOR. (constraint file  auto generated constraint).
Applied set_property KEEP_HIERARCHY = SOFT for DATA_HANDLER/FIFO. (constraint file  auto generated constraint).
Applied set_property KEEP_HIERARCHY = SOFT for DATA_PROCESSOR/FIR_FILTER. (constraint file  auto generated constraint).
---------------------------------------------------------------------------------
Finished applying 'set_property' XDC Constraints : Time (s): cpu = 00:00:14 ; elapsed = 00:00:17 . Memory (MB): peak = 1516.160 ; gain = 614.125
---------------------------------------------------------------------------------
INFO: [Synth 8-802] inferred FSM for state register 'state_reg' in module 'MAX_Driver'
INFO: [Synth 8-802] inferred FSM for state register 'state_reg' in module 'LORA_Config'
---------------------------------------------------------------------------------------------------
                   State |                     New Encoding |                Previous Encoding 
---------------------------------------------------------------------------------------------------
                    idle |                               00 |                               00
                   start |                               01 |                               01
                    data |                               10 |                               10
                    stop |                               11 |                               11
---------------------------------------------------------------------------------------------------
INFO: [Synth 8-3354] encoded FSM with state register 'state_reg' using encoding 'sequential' in module 'MAX_Driver'
---------------------------------------------------------------------------------------------------
                   State |                     New Encoding |                Previous Encoding 
---------------------------------------------------------------------------------------------------
                    idle |                               00 |                               00
                   start |                               01 |                               01
                    data |                               10 |                               10
                    stop |                               11 |                               11
---------------------------------------------------------------------------------------------------
INFO: [Synth 8-3354] encoded FSM with state register 'state_reg' using encoding 'sequential' in module 'LORA_Config'
---------------------------------------------------------------------------------
Finished RTL Optimization Phase 2 : Time (s): cpu = 00:00:15 ; elapsed = 00:00:18 . Memory (MB): peak = 1516.160 ; gain = 614.125
---------------------------------------------------------------------------------
---------------------------------------------------------------------------------
Start RTL Component Statistics 
---------------------------------------------------------------------------------
Detailed RTL Component Info : 
+---Adders : 
	   3 Input   42 Bit       Adders := 1     
	   2 Input   35 Bit       Adders := 1     
	   2 Input   19 Bit       Adders := 1     
	   2 Input   14 Bit       Adders := 1     
	   2 Input   13 Bit       Adders := 1     
	   2 Input   12 Bit       Adders := 1     
	   2 Input    9 Bit       Adders := 1     
	   2 Input    8 Bit       Adders := 3     
	   2 Input    7 Bit       Adders := 3     
	   2 Input    6 Bit       Adders := 1     
	   2 Input    5 Bit       Adders := 1     
	   2 Input    4 Bit       Adders := 1     
	   2 Input    3 Bit       Adders := 1     
+---Registers : 
	              512 Bit    Registers := 3     
	               32 Bit    Registers := 2     
	               20 Bit    Registers := 2     
	               19 Bit    Registers := 1     
	               16 Bit    Registers := 1     
	               14 Bit    Registers := 2     
	               13 Bit    Registers := 2     
	               12 Bit    Registers := 1     
	               10 Bit    Registers := 1     
	                8 Bit    Registers := 11    
	                7 Bit    Registers := 6     
	                6 Bit    Registers := 2     
	                4 Bit    Registers := 4     
	                3 Bit    Registers := 6     
	                2 Bit    Registers := 3     
	                1 Bit    Registers := 33    
+---Muxes : 
	   8 Input  512 Bit        Muxes := 1     
	   2 Input  512 Bit        Muxes := 9     
	  12 Input   32 Bit        Muxes := 1     
	   2 Input   24 Bit        Muxes := 2     
	   2 Input   19 Bit        Muxes := 1     
	   2 Input   14 Bit        Muxes := 5     
	   2 Input   13 Bit        Muxes := 4     
	   4 Input   13 Bit        Muxes := 1     
	   2 Input   12 Bit        Muxes := 2     
	   5 Input   10 Bit        Muxes := 1     
	   2 Input   10 Bit        Muxes := 1     
	   2 Input    8 Bit        Muxes := 10    
	   4 Input    8 Bit        Muxes := 1     
	   9 Input    8 Bit        Muxes := 1     
	   8 Input    8 Bit        Muxes := 1     
	   5 Input    8 Bit        Muxes := 1     
	   2 Input    7 Bit        Muxes := 2     
	   9 Input    7 Bit        Muxes := 1     
	   2 Input    6 Bit        Muxes := 3     
	   4 Input    6 Bit        Muxes := 1     
	   2 Input    4 Bit        Muxes := 2     
	  12 Input    4 Bit        Muxes := 1     
	   4 Input    4 Bit        Muxes := 1     
	   2 Input    3 Bit        Muxes := 11    
	   4 Input    3 Bit        Muxes := 2     
	   4 Input    2 Bit        Muxes := 2     
	   2 Input    2 Bit        Muxes := 12    
	   2 Input    1 Bit        Muxes := 47    
	   4 Input    1 Bit        Muxes := 8     
	   7 Input    1 Bit        Muxes := 2     
	   8 Input    1 Bit        Muxes := 5     
---------------------------------------------------------------------------------
Finished RTL Component Statistics 
---------------------------------------------------------------------------------
---------------------------------------------------------------------------------
Start Part Resource Summary
---------------------------------------------------------------------------------
Part Resources:
DSPs: 20 (col length:20)
BRAMs: 20 (col length: RAMB18 20 RAMB36 10)
---------------------------------------------------------------------------------
Finished Part Resource Summary
---------------------------------------------------------------------------------
---------------------------------------------------------------------------------
Start Cross Boundary and Area Optimization
---------------------------------------------------------------------------------
WARNING: [Synth 8-7080] Parallel synthesis criteria is not met
DSP Report: Generating DSP GPS_CONTROL/delay_counter3, operation Mode is: (A:0xf5e100)*B.
DSP Report: operator GPS_CONTROL/delay_counter3 is absorbed into DSP GPS_CONTROL/delay_counter3.
DSP Report: operator GPS_CONTROL/delay_counter3 is absorbed into DSP GPS_CONTROL/delay_counter3.
WARNING: [Synth 8-3917] design GPS_Top has port LORA_RESET driven by constant 1
WARNING: [Synth 8-7129] Port DIO0 in module GPS_Top is either unconnected or has no load
WARNING: [Synth 8-7129] Port LORA_MISO in module GPS_Top is either unconnected or has no load
---------------------------------------------------------------------------------
Finished Cross Boundary and Area Optimization : Time (s): cpu = 00:00:24 ; elapsed = 00:00:28 . Memory (MB): peak = 1516.160 ; gain = 614.125
---------------------------------------------------------------------------------
 Sort Area is  GPS_CONTROL/delay_counter3_0 : 0 0 : 816 816 : Used 1 time 0
---------------------------------------------------------------------------------
Start ROM, RAM, DSP, Shift Register and Retiming Reporting
---------------------------------------------------------------------------------

ROM: Preliminary Mapping Report
+------------+----------------------------------------+---------------+----------------+
|Module Name | RTL Object                             | Depth x Width | Implemented As | 
+------------+----------------------------------------+---------------+----------------+
|LORA_Config | address_memory                         | 32x7          | LUT            | 
|LORA_Config | data_memory                            | 32x8          | LUT            | 
|GPS_Top     | LORA_DRIVER/LORA_CONFIG/address_memory | 32x7          | LUT            | 
|GPS_Top     | LORA_DRIVER/LORA_CONFIG/data_memory    | 32x8          | LUT            | 
+------------+----------------------------------------+---------------+----------------+


DSP: Preliminary Mapping Report (see note below. The ' indicates corresponding REG is set)
+------------+----------------+--------+--------+--------+--------+--------+------+------+------+------+-------+------+------+
|Module Name | DSP Mapping    | A Size | B Size | C Size | D Size | P Size | AREG | BREG | CREG | DREG | ADREG | MREG | PREG | 
+------------+----------------+--------+--------+--------+--------+--------+------+------+------+------+-------+------+------+
|GPS_Control | (A:0xf5e100)*B | 25     | 9      | -      | -      | 48     | 0    | 0    | -    | -    | -     | 0    | 0    | 
+------------+----------------+--------+--------+--------+--------+--------+------+------+------+------+-------+------+------+

Note: The table above is a preliminary report that shows the DSPs inferred at the current stage of the synthesis flow. Some DSP may be reimplemented as non DSP primitives later in the synthesis flow. Multiple instantiated DSPs are reported only once.
---------------------------------------------------------------------------------
Finished ROM, RAM, DSP, Shift Register and Retiming Reporting
---------------------------------------------------------------------------------
---------------------------------------------------------------------------------
Start Applying XDC Timing Constraints
---------------------------------------------------------------------------------
---------------------------------------------------------------------------------
Finished Applying XDC Timing Constraints : Time (s): cpu = 00:00:31 ; elapsed = 00:00:35 . Memory (MB): peak = 1516.160 ; gain = 614.125
---------------------------------------------------------------------------------
---------------------------------------------------------------------------------
Start Timing Optimization
---------------------------------------------------------------------------------
---------------------------------------------------------------------------------
Finished Timing Optimization : Time (s): cpu = 00:00:32 ; elapsed = 00:00:36 . Memory (MB): peak = 1526.293 ; gain = 624.258
---------------------------------------------------------------------------------
---------------------------------------------------------------------------------
Start Technology Mapping
---------------------------------------------------------------------------------
---------------------------------------------------------------------------------
Finished Technology Mapping : Time (s): cpu = 00:00:33 ; elapsed = 00:00:37 . Memory (MB): peak = 1527.996 ; gain = 625.961
---------------------------------------------------------------------------------
---------------------------------------------------------------------------------
Start IO Insertion
---------------------------------------------------------------------------------
---------------------------------------------------------------------------------
Start Flattening Before IO Insertion
---------------------------------------------------------------------------------
---------------------------------------------------------------------------------
Finished Flattening Before IO Insertion
---------------------------------------------------------------------------------
---------------------------------------------------------------------------------
Start Final Netlist Cleanup
---------------------------------------------------------------------------------
---------------------------------------------------------------------------------
Finished Final Netlist Cleanup
---------------------------------------------------------------------------------
---------------------------------------------------------------------------------
Finished IO Insertion : Time (s): cpu = 00:00:39 ; elapsed = 00:00:44 . Memory (MB): peak = 1535.984 ; gain = 633.949
---------------------------------------------------------------------------------
---------------------------------------------------------------------------------
Start Renaming Generated Instances
---------------------------------------------------------------------------------
---------------------------------------------------------------------------------
Finished Renaming Generated Instances : Time (s): cpu = 00:00:39 ; elapsed = 00:00:44 . Memory (MB): peak = 1535.984 ; gain = 633.949
---------------------------------------------------------------------------------
---------------------------------------------------------------------------------
Start Rebuilding User Hierarchy
---------------------------------------------------------------------------------
---------------------------------------------------------------------------------
Finished Rebuilding User Hierarchy : Time (s): cpu = 00:00:39 ; elapsed = 00:00:44 . Memory (MB): peak = 1535.984 ; gain = 633.949
---------------------------------------------------------------------------------
---------------------------------------------------------------------------------
Start Renaming Generated Ports
---------------------------------------------------------------------------------
---------------------------------------------------------------------------------
Finished Renaming Generated Ports : Time (s): cpu = 00:00:39 ; elapsed = 00:00:44 . Memory (MB): peak = 1535.984 ; gain = 633.949
---------------------------------------------------------------------------------
---------------------------------------------------------------------------------
Start Handling Custom Attributes
---------------------------------------------------------------------------------
---------------------------------------------------------------------------------
Finished Handling Custom Attributes : Time (s): cpu = 00:00:39 ; elapsed = 00:00:45 . Memory (MB): peak = 1535.984 ; gain = 633.949
---------------------------------------------------------------------------------
---------------------------------------------------------------------------------
Start Renaming Generated Nets
---------------------------------------------------------------------------------
---------------------------------------------------------------------------------
Finished Renaming Generated Nets : Time (s): cpu = 00:00:39 ; elapsed = 00:00:45 . Memory (MB): peak = 1535.984 ; gain = 633.949
---------------------------------------------------------------------------------
---------------------------------------------------------------------------------
Start Writing Synthesis Report
---------------------------------------------------------------------------------

DSP Final Report (the ' indicates corresponding REG is set)
+------------+-------------+--------+--------+--------+--------+--------+------+------+------+------+-------+------+------+
|Module Name | DSP Mapping | A Size | B Size | C Size | D Size | P Size | AREG | BREG | CREG | DREG | ADREG | MREG | PREG | 
+------------+-------------+--------+--------+--------+--------+--------+------+------+------+------+-------+------+------+
|GPS_Control | A*B'        | 24     | 6      | -      | -      | 48     | 0    | 1    | -    | -    | -     | 0    | 0    | 
+------------+-------------+--------+--------+--------+--------+--------+------+------+------+------+-------+------+------+


Report BlackBoxes: 
+------+--------------+----------+
|      |BlackBox name |Instances |
+------+--------------+----------+
|1     |fifo_gps_data |         1|
|2     |DDS_Gen       |         1|
|3     |FIR_Filter    |         1|
+------+--------------+----------+

Report Cell Usage: 
+------+--------------+------+
|      |Cell          |Count |
+------+--------------+------+
|1     |DDS_Gen       |     1|
|2     |FIR_Filter    |     1|
|3     |fifo_gps_data |     1|
|4     |BUFG          |     3|
|5     |CARRY4        |    77|
|6     |DSP48E1       |     1|
|7     |LUT1          |    49|
|8     |LUT2          |   146|
|9     |LUT3          |   582|
|10    |LUT4          |  1108|
|11    |LUT5          |   141|
|12    |LUT6          |   185|
|13    |MUXF7         |     3|
|14    |FDCE          |    37|
|15    |FDPE          |     4|
|16    |FDRE          |  1975|
|17    |FDSE          |     1|
|18    |IBUF          |     6|
|19    |OBUF          |     7|
|20    |OBUFT         |     1|
+------+--------------+------+
---------------------------------------------------------------------------------
Finished Writing Synthesis Report : Time (s): cpu = 00:00:39 ; elapsed = 00:00:45 . Memory (MB): peak = 1535.984 ; gain = 633.949
---------------------------------------------------------------------------------
Synthesis finished with 0 errors, 0 critical warnings and 4 warnings.
Synthesis Optimization Runtime : Time (s): cpu = 00:00:31 ; elapsed = 00:00:42 . Memory (MB): peak = 1535.984 ; gain = 593.520
Synthesis Optimization Complete : Time (s): cpu = 00:00:40 ; elapsed = 00:00:45 . Memory (MB): peak = 1535.984 ; gain = 633.949
INFO: [Project 1-571] Translating synthesized netlist
Netlist sorting complete. Time (s): cpu = 00:00:00 ; elapsed = 00:00:00.028 . Memory (MB): peak = 1539.098 ; gain = 0.000
INFO: [Netlist 29-17] Analyzing 81 Unisim elements for replacement
INFO: [Netlist 29-28] Unisim Transformation completed in 0 CPU seconds
INFO: [Project 1-570] Preparing netlist for logic optimization
INFO: [Opt 31-138] Pushed 0 inverter(s) to 0 load pin(s).
Netlist sorting complete. Time (s): cpu = 00:00:00 ; elapsed = 00:00:00.001 . Memory (MB): peak = 1539.098 ; gain = 0.000
INFO: [Project 1-111] Unisim Transformation Summary:
No Unisim elements were transformed.

Synth Design complete | Checksum: 23cf367d
INFO: [Common 17-83] Releasing license: Synthesis
55 Infos, 6 Warnings, 0 Critical Warnings and 0 Errors encountered.
synth_design completed successfully
synth_design: Time (s): cpu = 00:00:45 ; elapsed = 00:00:52 . Memory (MB): peak = 1539.098 ; gain = 1011.395
Write ShapeDB Complete: Time (s): cpu = 00:00:00 ; elapsed = 00:00:00.009 . Memory (MB): peak = 1539.098 ; gain = 0.000
INFO: [Common 17-1381] The checkpoint 'C:/Users/DinoColling/GPS_V2.0/GPS_V2.0.runs/synth_1/GPS_Top.dcp' has been generated.
INFO: [Vivado 12-24828] Executing command : report_utilization -file GPS_Top_utilization_synth.rpt -pb GPS_Top_utilization_synth.pb
INFO: [Common 17-206] Exiting Vivado at Mon Aug 24 15:18:58 2026...
